// Jest Snapshot v1, https://goo.gl/fbAQLP

exports[`Icon component Icon Snapshot 1`] = `
<i
  aria-hidden="true"
  className="ttp"
/>
`;
